---
source: src/language/java/class_parser.rs
expression: out
---
source_method_text:
public <R> Demo<R> map(Function<? super T, ? extends R> fn)

ideal_generic_signature:
<R:Ljava/lang/Object;>(Ljava/util/function/Function<-TT;+TR;>;)Lorg/example/Demo<TR;>;

stage_parse_method_node:
name=map
desc=(LFunction;)LDemo;
generic_signature=Some("<R:Ljava/lang/Object;>(LFunction<-TT;+TR;>;)LDemo<TR;>;")
return_type=Some("LDemo;")
param_names=["fn"]
param_descs=["LFunction;"]

stage_parse_java_source_class_metadata:
class_internal=org/example/Demo
class_generic_signature=Some("<T:Ljava/lang/Object;>Ljava/lang/Object;")
class_origin=SourceFile("file:///tmp/provenance/Demo.java")
map_desc=(LFunction;)LDemo;
map_generic_signature=Some("<R:Ljava/lang/Object;>(LFunction<-TT;+TR;>;)LDemo<TR;>;")
map_return_type=Some("LDemo;")
map_param_names=["fn"]
map_param_descs=["LFunction;"]

stage_workspace_index_visible:
class_internal=org/example/Demo
class_generic_signature=Some("<T:Ljava/lang/Object;>Ljava/lang/Object;")
class_origin=SourceFile("file:///tmp/provenance/Demo.java")
indexed_map_desc=(LFunction;)LDemo;
indexed_map_generic_signature=Some("<R:Ljava/lang/Object;>(LFunction<-TT;+TR;>;)LDemo<TR;>;")
indexed_map_return_type=Some("LDemo;")
visible_map_desc=(LFunction;)LDemo;
visible_map_generic_signature=Some("<R:Ljava/lang/Object;>(LFunction<-TT;+TR;>;)LDemo<TR;>;")
visible_map_return_type=Some("LDemo;")
